#
# There is insufficient memory for the Java Runtime Environment to continue.
# Native memory allocation (malloc) failed to allocate 1048576 bytes. Error detail: AllocateHeap
# Possible reasons:
#   The system is out of physical RAM or swap space
#   This process is running with CompressedOops enabled, and the Java Heap may be blocking the growth of the native heap
# Possible solutions:
#   Reduce memory load on the system
#   Increase physical memory or swap space
#   Check if swap backing store is full
#   Decrease Java heap size (-Xmx/-Xms)
#   Decrease number of Java threads
#   Decrease Java thread stack sizes (-Xss)
#   Set larger code cache with -XX:ReservedCodeCacheSize=
#   JVM is running with Unscaled Compressed Oops mode in which the Java heap is
#     placed in the first 4GB address space. The Java Heap base address is the
#     maximum limit for the native heap growth. Please use -XX:HeapBaseMinAddress
#     to set the Java Heap base and to place the Java Heap above 4GB virtual address.
# This output file may be truncated or incomplete.
#
#  Out of Memory Error (allocation.cpp:44), pid=12528, tid=1836
#
# JRE version: OpenJDK Runtime Environment Temurin-21.0.11+10 (21.0.11+10) (build 21.0.11+10-LTS)
# Java VM: OpenJDK 64-Bit Server VM Temurin-21.0.11+10 (21.0.11+10-LTS, mixed mode, sharing, tiered, compressed oops, compressed class ptrs, parallel gc, windows-amd64)
# No core dump will be written. Minidumps are not enabled by default on client versions of Windows
#

---------------  S U M M A R Y ------------

Command Line: --add-modules=ALL-SYSTEM --add-opens=java.base/java.util=ALL-UNNAMED --add-opens=java.base/java.lang=ALL-UNNAMED --add-opens=java.base/sun.nio.fs=ALL-UNNAMED -Declipse.application=org.eclipse.jdt.ls.core.id1 -Dosgi.bundles.defaultStartLevel=4 -Declipse.product=org.eclipse.jdt.ls.core.product -Djava.import.generatesMetadataFilesAtProjectRoot=false -DDetectVMInstallationsJob.disabled=true -Dfile.encoding=utf8 -XX:+UseParallelGC -XX:GCTimeRatio=4 -XX:AdaptiveSizePolicyWeight=90 -Dsun.zip.disableMemoryMapping=true -Xmx2G -Xms100m -Xlog:disable -javaagent:c:\Users\OS 10\.vscode\extensions\redhat.java-1.55.0-win32-x64\lombok\lombok-1.18.39-4050.jar -XX:+HeapDumpOnOutOfMemoryError -XX:HeapDumpPath=c:\Users\OS 10\AppData\Roaming\Code\User\workspaceStorage\e7551ee5038d9c334cca4ff69fa84350\redhat.java -Daether.dependencyCollector.impl=bf c:\Users\OS 10\.vscode\extensions\redhat.java-1.55.0-win32-x64\server\plugins\org.eclipse.equinox.launcher_1.7.200.v20260619-2039.jar -configuration c:\Users\OS 10\AppData\Roaming\Code\User\globalStorage\redhat.java\1.55.0\config_win -data c:\Users\OS 10\AppData\Roaming\Code\User\workspaceStorage\e7551ee5038d9c334cca4ff69fa84350\redhat.java\jdt_ws --pipe=\\.\pipe\lsp-07d68c4582e8ae1eb0c4fb848ea643d7-sock

Host: Intel(R) Core(TM) i3-8145U CPU @ 2.10GHz, 4 cores, 7G,  Windows 11 , 64 bit Build 26100 (10.0.26100.7309)
Time: Fri Jul  3 16:11:46 2026 SE Asia Standard Time elapsed time: 4695.584240 seconds (0d 1h 18m 15s)

---------------  T H R E A D  ---------------

Current thread (0x000001db94a7f750):  JavaThread "Attach Listener" daemon [_thread_in_vm, id=1836, stack(0x0000001940f00000,0x0000001941000000) (1024K)]

Stack: [0x0000001940f00000,0x0000001941000000]
Native frames: (J=compiled Java code, j=interpreted, Vv=VM code, C=native code)
V  [jvm.dll+0x6d7e19]
V  [jvm.dll+0x8b5096]
V  [jvm.dll+0x8b764e]
V  [jvm.dll+0x8b7d33]
V  [jvm.dll+0x284596]
V  [jvm.dll+0xc13c7]
V  [jvm.dll+0x6d86c9]
V  [jvm.dll+0x133616]
V  [jvm.dll+0x3f868e]
V  [jvm.dll+0x85fb0d]
V  [jvm.dll+0x6d664d]
C  [ucrtbase.dll+0x37b0]
C  [KERNEL32.DLL+0x2e8d7]
C  [ntdll.dll+0x8c53c]


---------------  P R O C E S S  ---------------

Threads class SMR info:
_java_thread_list=0x000001dbf5f368a0, length=40, elements={
0x000001db928171d0, 0x000001db94a78b00, 0x000001db94a7bf90, 0x000001db94a7e610,
0x000001db94a7f750, 0x000001db94a822c0, 0x000001db94a82d20, 0x000001db94a85b70,
0x000001db94afa9b0, 0x000001dbed2cd150, 0x000001dbed3916f0, 0x000001dbedbea9e0,
0x000001dbedc25b00, 0x000001dbedb2ec10, 0x000001dbedb2f280, 0x000001dbedd0ddc0,
0x000001dbedd0d650, 0x000001dbf241d840, 0x000001dbed437a40, 0x000001dbed4380d0,
0x000001dbed439b10, 0x000001dbed43a1a0, 0x000001dbf4c5a0c0, 0x000001dbf4c5a750,
0x000001dbf4c58d10, 0x000001dbf4c58680, 0x000001dbf4c59a30, 0x000001dbf4c5ade0,
0x000001dbff859970, 0x000001dbff858c50, 0x000001dbff8578a0, 0x000001dbff855e60,
0x000001dbff85ad20, 0x000001dbff85a000, 0x000001dbff85ba40, 0x000001dbff8585c0,
0x000001dbff85c0d0, 0x000001dbf4c57ff0, 0x000001dbf4c5bb00, 0x000001dbf4c5c190
}

Java Threads: ( => current thread )
  0x000001db928171d0 JavaThread "main"                              [_thread_blocked, id=2840, stack(0x0000001940700000,0x0000001940800000) (1024K)]
  0x000001db94a78b00 JavaThread "Reference Handler"          daemon [_thread_blocked, id=1064, stack(0x0000001940c00000,0x0000001940d00000) (1024K)]
  0x000001db94a7bf90 JavaThread "Finalizer"                  daemon [_thread_blocked, id=21752, stack(0x0000001940d00000,0x0000001940e00000) (1024K)]
  0x000001db94a7e610 JavaThread "Signal Dispatcher"          daemon [_thread_blocked, id=2388, stack(0x0000001940e00000,0x0000001940f00000) (1024K)]
=>0x000001db94a7f750 JavaThread "Attach Listener"            daemon [_thread_in_vm, id=1836, stack(0x0000001940f00000,0x0000001941000000) (1024K)]
  0x000001db94a822c0 JavaThread "Service Thread"             daemon [_thread_blocked, id=12228, stack(0x0000001941000000,0x0000001941100000) (1024K)]
  0x000001db94a82d20 JavaThread "Monitor Deflation Thread"   daemon [_thread_blocked, id=18092, stack(0x0000001941100000,0x0000001941200000) (1024K)]
  0x000001db94a85b70 JavaThread "C2 CompilerThread0"         daemon [_thread_blocked, id=14684, stack(0x0000001941200000,0x0000001941300000) (1024K)]
  0x000001db94afa9b0 JavaThread "C1 CompilerThread0"         daemon [_thread_blocked, id=22888, stack(0x0000001941300000,0x0000001941400000) (1024K)]
  0x000001dbed2cd150 JavaThread "Common-Cleaner"             daemon [_thread_blocked, id=5196, stack(0x0000001941400000,0x0000001941500000) (1024K)]
  0x000001dbed3916f0 JavaThread "Notification Thread"        daemon [_thread_blocked, id=15044, stack(0x0000001941500000,0x0000001941600000) (1024K)]
  0x000001dbedbea9e0 JavaThread "Active Thread: Equinox Container: 6aa5cc0c-6b1c-4568-9ed1-ea79733509da"        [_thread_blocked, id=20296, stack(0x0000001941600000,0x0000001941700000) (1024K)]
  0x000001dbedc25b00 JavaThread "Refresh Thread: Equinox Container: 6aa5cc0c-6b1c-4568-9ed1-ea79733509da" daemon [_thread_blocked, id=11640, stack(0x0000001941a00000,0x0000001941b00000) (1024K)]
  0x000001dbedb2ec10 JavaThread "Framework Event Dispatcher: Equinox Container: 6aa5cc0c-6b1c-4568-9ed1-ea79733509da" daemon [_thread_blocked, id=16884, stack(0x0000001941b00000,0x0000001941c00000) (1024K)]
  0x000001dbedb2f280 JavaThread "Start Level: Equinox Container: 6aa5cc0c-6b1c-4568-9ed1-ea79733509da" daemon [_thread_blocked, id=13300, stack(0x0000001941c00000,0x0000001941d00000) (1024K)]
  0x000001dbedd0ddc0 JavaThread "Bundle File Closer"         daemon [_thread_blocked, id=10412, stack(0x0000001941e00000,0x0000001941f00000) (1024K)]
  0x000001dbedd0d650 JavaThread "SCR Component Actor"        daemon [_thread_blocked, id=22900, stack(0x0000001941d00000,0x0000001941e00000) (1024K)]
  0x000001dbf241d840 JavaThread "Worker-JM"                         [_thread_blocked, id=1220, stack(0x0000001942000000,0x0000001942100000) (1024K)]
  0x000001dbed437a40 JavaThread "JNA Cleaner"                daemon [_thread_blocked, id=16584, stack(0x0000001941f00000,0x0000001942000000) (1024K)]
  0x000001dbed4380d0 JavaThread "Java indexing"              daemon [_thread_in_native, id=5964, stack(0x0000001942500000,0x0000001942600000) (1024K)]
  0x000001dbed439b10 JavaThread "Thread-1"                   daemon [_thread_in_native, id=17364, stack(0x0000001942a00000,0x0000001942b00000) (1024K)]
  0x000001dbed43a1a0 JavaThread "Thread-2"                   daemon [_thread_in_native, id=8236, stack(0x0000001942b00000,0x0000001942c00000) (1024K)]
  0x000001dbf4c5a0c0 JavaThread "Thread-3"                   daemon [_thread_in_native, id=21392, stack(0x0000001942c00000,0x0000001942d00000) (1024K)]
  0x000001dbf4c5a750 JavaThread "Thread-4"                   daemon [_thread_in_native, id=7188, stack(0x0000001942d00000,0x0000001942e00000) (1024K)]
  0x000001dbf4c58d10 JavaThread "Thread-5"                   daemon [_thread_in_native, id=20272, stack(0x0000001942e00000,0x0000001942f00000) (1024K)]
  0x000001dbf4c58680 JavaThread "pool-2-thread-1"                   [_thread_blocked, id=8420, stack(0x0000001942f00000,0x0000001943000000) (1024K)]
  0x000001dbf4c59a30 JavaThread "WorkspaceEventsHandler"            [_thread_blocked, id=16340, stack(0x0000001943000000,0x0000001943100000) (1024K)]
  0x000001dbf4c5ade0 JavaThread "pool-1-thread-1"                   [_thread_blocked, id=12824, stack(0x0000001943100000,0x0000001943200000) (1024K)]
  0x000001dbff859970 JavaThread "Worker-16"                         [_thread_blocked, id=15020, stack(0x0000001942200000,0x0000001942300000) (1024K)]
  0x000001dbff858c50 JavaThread "Worker-17"                         [_thread_blocked, id=21920, stack(0x0000001942100000,0x0000001942200000) (1024K)]
  0x000001dbff8578a0 JavaThread "Compiler Source File Reader" daemon [_thread_blocked, id=20564, stack(0x0000001940600000,0x0000001940700000) (1024K)]
  0x000001dbff855e60 JavaThread "Worker-21"                         [_thread_blocked, id=11016, stack(0x0000001940800000,0x0000001940900000) (1024K)]
  0x000001dbff85ad20 JavaThread "Compiler Source File Reader" daemon [_thread_blocked, id=9400, stack(0x0000001942300000,0x0000001942400000) (1024K)]
  0x000001dbff85a000 JavaThread "LocalFile Deleter"          daemon [_thread_blocked, id=19288, stack(0x0000001942400000,0x0000001942500000) (1024K)]
  0x000001dbff85ba40 JavaThread "LocalFile Deleter"          daemon [_thread_blocked, id=16720, stack(0x0000001942600000,0x0000001942700000) (1024K)]
  0x000001dbff8585c0 JavaThread "LocalFile Deleter"          daemon [_thread_blocked, id=2384, stack(0x0000001942700000,0x0000001942800000) (1024K)]
  0x000001dbff85c0d0 JavaThread "LocalFile Deleter"          daemon [_thread_blocked, id=10264, stack(0x0000001942800000,0x0000001942900000) (1024K)]
  0x000001dbf4c57ff0 JavaThread "Compiler Processing Task"   daemon [_thread_blocked, id=2660, stack(0x0000001942900000,0x0000001942a00000) (1024K)]
  0x000001dbf4c5bb00 JavaThread "Compiler Class File Writer" daemon [_thread_blocked, id=22144, stack(0x0000001943200000,0x0000001943300000) (1024K)]
  0x000001dbf4c5c190 JavaThread "Compiler Class File Writer" daemon [_thread_blocked, id=6116, stack(0x0000001943300000,0x0000001943400000) (1024K)]
Total: 40

Other Threads:
  0x000001db94c4c950 VMThread "VM Thread"                           [id=20852, stack(0x0000001940b00000,0x0000001940c00000) (1024K)]
  0x000001db94a1ca00 WatcherThread "VM Periodic Task Thread"        [id=18596, stack(0x0000001940a00000,0x0000001940b00000) (1024K)]
  0x000001db94bacce0 WorkerThread "GC Thread#0"                     [id=13004, stack(0x0000001940900000,0x0000001940a00000) (1024K)]
  0x000001dbed8872e0 WorkerThread "GC Thread#1"                     [id=9280, stack(0x0000001941700000,0x0000001941800000) (1024K)]
  0x000001dbed5e6b80 WorkerThread "GC Thread#2"                     [id=17336, stack(0x0000001941800000,0x0000001941900000) (1024K)]
  0x000001dbed5e6f30 WorkerThread "GC Thread#3"                     [id=21732, stack(0x0000001941900000,0x0000001941a00000) (1024K)]
Total: 6

Threads with active compile tasks:
Total: 0

VM state: not at safepoint (normal execution)

VM Mutex/Monitor currently owned by a thread: None

Heap address: 0x0000000080000000, size: 2048 MB, Compressed Oops mode: 32-bit

CDS archive(s) mapped at: [0x000001dbac000000-0x000001dbacba0000-0x000001dbacba0000), size 12189696, SharedBaseAddress: 0x000001dbac000000, ArchiveRelocationMode: 1.
Compressed class space mapped at: 0x000001dbad000000-0x000001dbed000000, reserved size: 1073741824
Narrow klass base: 0x000001dbac000000, Narrow klass shift: 0, Narrow klass range: 0x100000000

GC Precious Log:
 CardTable entry size: 512
 CPUs: 4 total, 4 available
 Memory: 8044M
 Large Page Support: Disabled
 NUMA Support: Disabled
 Compressed Oops: Enabled (32-bit)
 Alignments: Space 512K, Generation 512K, Heap 2M
 Heap Min Capacity: 100M
 Heap Initial Capacity: 100M
 Heap Max Capacity: 2G
 Pre-touch: Disabled
 Parallel Workers: 4

Heap:
 PSYoungGen      total 1024K, used 867K [0x00000000d5580000, 0x00000000d5980000, 0x0000000100000000)
  eden space 512K, 69% used [0x00000000d5580000,0x00000000d55d8db0,0x00000000d5600000)
  from space 512K, 100% used [0x00000000d5780000,0x00000000d5800000,0x00000000d5800000)
  to   space 1536K, 0% used [0x00000000d5600000,0x00000000d5600000,0x00000000d5780000)
 ParOldGen       total 1285632K, used 1285524K [0x0000000080000000, 0x00000000ce780000, 0x00000000d5580000)
  object space 1285632K, 99% used [0x0000000080000000,0x00000000ce765300,0x00000000ce780000)
 Metaspace       used 83857K, committed 85632K, reserved 1179648K
  class space    used 8872K, committed 9664K, reserved 1048576K

Card table byte_map: [0x000001db94530000,0x000001db94940000] _byte_map_base: 0x000001db94130000

Marking Bits: (ParMarkBitMap*) 0x00007ffc9fb14460
 Begin Bits: [0x000001dba7040000, 0x000001dba9040000)
 End Bits:   [0x000001dba9040000, 0x000001dbab040000)

Polling page: 0x000001db927c0000

Metaspace:

Usage:
  Non-class:     73.23 MB used.
      Class:      8.66 MB used.
       Both:     81.89 MB used.

Virtual space:
  Non-class space:      128.00 MB reserved,      74.19 MB ( 58%) committed,  2 nodes.
      Class space:        1.00 GB reserved,       9.44 MB ( <1%) committed,  1 nodes.
             Both:        1.12 GB reserved,      83.62 MB (  7%) committed. 

Chunk freelists:
   Non-Class:  5.41 MB
       Class:  6.53 MB
        Both:  11.94 MB

MaxMetaspaceSize: unlimited
CompressedClassSpaceSize: 1.00 GB
Initial GC threshold: 21.00 MB
Current GC threshold: 137.75 MB
CDS: on
 - commit_granule_bytes: 65536.
 - commit_granule_words: 8192.
 - virtual_space_node_default_size: 8388608.
 - enlarge_chunks_in_place: 1.
 - use_allocation_guard: 0.


Internal statistics:

num_allocs_failed_limit: 19.
num_arena_births: 1754.
num_arena_deaths: 16.
num_vsnodes_births: 3.
num_vsnodes_deaths: 0.
num_space_committed: 1338.
num_space_uncommitted: 0.
num_chunks_returned_to_freelist: 35.
num_chunks_taken_from_freelist: 5839.
num_chunk_merges: 22.
num_chunk_splits: 3579.
num_chunks_enlarged: 2022.
num_inconsistent_stats: 0.

CodeHeap 'non-profiled nmethods': size=120000Kb used=12863Kb max_used=14478Kb free=107136Kb
 bounds [0x000001db9f860000, 0x000001dba0690000, 0x000001dba6d90000]
CodeHeap 'profiled nmethods': size=120000Kb used=23517Kb max_used=36586Kb free=96482Kb
 bounds [0x000001db97d90000, 0x000001db9a1d0000, 0x000001db9f2c0000]
CodeHeap 'non-nmethods': size=5760Kb used=1456Kb max_used=1594Kb free=4303Kb
 bounds [0x000001db9f2c0000, 0x000001db9f530000, 0x000001db9f860000]
CodeCache: size=245760Kb, used=37836Kb, max_used=52658Kb, free=207921Kb
 total_blobs=11082, nmethods=10307, adapters=677, full_count=0
Compilation: enabled, stopped_count=0, restarted_count=0

Compilation events (20 events):
Event: 4676.548 Thread 0x000001db94a85b70 20202       4       com.sun.org.apache.xerces.internal.parsers.XIncludeAwareParserConfiguration::setFeature (27 bytes)
Event: 4676.550 Thread 0x000001db94a85b70 nmethod 20202 0x000001db9f9e1690 code [0x000001db9f9e1840, 0x000001db9f9e1a78]
Event: 4676.574 Thread 0x000001db94afa9b0 20203       3       com.sun.org.apache.xerces.internal.parsers.XML11Configuration::reset (45 bytes)
Event: 4676.600 Thread 0x000001db94afa9b0 nmethod 20203 0x000001db98a3b210 code [0x000001db98a3b400, 0x000001db98a3b938]
Event: 4677.575 Thread 0x000001db94a85b70 20204       4       ch.qos.logback.classic.Logger::callTurboFilters (14 bytes)
Event: 4677.579 Thread 0x000001db94a85b70 nmethod 20204 0x000001dba02f8190 code [0x000001dba02f8320, 0x000001dba02f8438]
Event: 4677.781 Thread 0x000001db94afa9b0 20205       3       org.eclipse.m2e.core.internal.builder.plexusbuildapi.AbstractEclipseBuildContext::refresh (11 bytes)
Event: 4677.784 Thread 0x000001db94afa9b0 nmethod 20205 0x000001db99b9ea10 code [0x000001db99b9ebc0, 0x000001db99b9ee48]
Event: 4678.378 Thread 0x000001db94afa9b0 20206       3       org.eclipse.core.internal.localstore.UnifiedTree::createChildNodeFromFileSystem (65 bytes)
Event: 4678.384 Thread 0x000001db94afa9b0 nmethod 20206 0x000001db99134710 code [0x000001db99134960, 0x000001db99135538]
Event: 4678.384 Thread 0x000001db94afa9b0 20207       3       org.eclipse.core.internal.localstore.UnifiedTree::getWorkspace (13 bytes)
Event: 4678.384 Thread 0x000001db94afa9b0 nmethod 20207 0x000001db98c6df10 code [0x000001db98c6e0c0, 0x000001db98c6e2a8]
Event: 4678.613 Thread 0x000001db94a85b70 20208       4       org.eclipse.core.internal.content.ContentTypeHandler::getTarget (76 bytes)
Event: 4678.623 Thread 0x000001db94a85b70 nmethod 20208 0x000001dba0012510 code [0x000001dba00126c0, 0x000001dba0012a00]
Event: 4678.641 Thread 0x000001db94a85b70 20209       4       org.eclipse.core.internal.resources.MarkerManager::findMarkerInfo (49 bytes)
Event: 4678.703 Thread 0x000001db94a85b70 nmethod 20209 0x000001db9fbc8090 code [0x000001db9fbc8380, 0x000001db9fbc9738]
Event: 4680.241 Thread 0x000001db94afa9b0 20210   !   3       java.lang.ref.ReferenceQueue::remove (61 bytes)
Event: 4680.243 Thread 0x000001db94afa9b0 nmethod 20210 0x000001db9883a390 code [0x000001db9883a620, 0x000001db9883b1a8]
Event: 4680.243 Thread 0x000001db94afa9b0 20211       3       java.lang.ref.ReferenceQueue::remove0 (64 bytes)
Event: 4680.243 Thread 0x000001db94afa9b0 nmethod 20211 0x000001db996fb090 code [0x000001db996fb2a0, 0x000001db996fb720]

GC Heap History (20 events):
Event: 4676.940 GC heap before
{Heap before GC invocations=2595 (full 7):
 PSYoungGen      total 2560K, used 2018K [0x00000000d5580000, 0x00000000d5980000, 0x0000000100000000)
  eden space 1024K, 94% used [0x00000000d5580000,0x00000000d5672050,0x00000000d5680000)
  from space 1536K, 68% used [0x00000000d5800000,0x00000000d5906a00,0x00000000d5980000)
  to   space 1536K, 0% used [0x00000000d5680000,0x00000000d5680000,0x00000000d5800000)
 ParOldGen       total 1280512K, used 1280396K [0x0000000080000000, 0x00000000ce280000, 0x00000000d5580000)
  object space 1280512K, 99% used [0x0000000080000000,0x00000000ce2630b8,0x00000000ce280000)
 Metaspace       used 83855K, committed 85632K, reserved 1179648K
  class space    used 8872K, committed 9664K, reserved 1048576K
}
Event: 4676.944 GC heap after
{Heap after GC invocations=2595 (full 7):
 PSYoungGen      total 2560K, used 1040K [0x00000000d5580000, 0x00000000d5980000, 0x0000000100000000)
  eden space 1024K, 0% used [0x00000000d5580000,0x00000000d5580000,0x00000000d5680000)
  from space 1536K, 67% used [0x00000000d5680000,0x00000000d57843a8,0x00000000d5800000)
  to   space 1536K, 0% used [0x00000000d5800000,0x00000000d5800000,0x00000000d5980000)
 ParOldGen       total 1281536K, used 1281385K [0x0000000080000000, 0x00000000ce380000, 0x00000000d5580000)
  object space 1281536K, 99% used [0x0000000080000000,0x00000000ce35a438,0x00000000ce380000)
 Metaspace       used 83855K, committed 85632K, reserved 1179648K
  class space    used 8872K, committed 9664K, reserved 1048576K
}
Event: 4677.036 GC heap before
{Heap before GC invocations=2596 (full 7):
 PSYoungGen      total 2560K, used 2064K [0x00000000d5580000, 0x00000000d5980000, 0x0000000100000000)
  eden space 1024K, 100% used [0x00000000d5580000,0x00000000d5680000,0x00000000d5680000)
  from space 1536K, 67% used [0x00000000d5680000,0x00000000d57843a8,0x00000000d5800000)
  to   space 1536K, 0% used [0x00000000d5800000,0x00000000d5800000,0x00000000d5980000)
 ParOldGen       total 1281536K, used 1281385K [0x0000000080000000, 0x00000000ce380000, 0x00000000d5580000)
  object space 1281536K, 99% used [0x0000000080000000,0x00000000ce35a438,0x00000000ce380000)
 Metaspace       used 83855K, committed 85632K, reserved 1179648K
  class space    used 8872K, committed 9664K, reserved 1048576K
}
Event: 4677.039 GC heap after
{Heap after GC invocations=2596 (full 7):
 PSYoungGen      total 2048K, used 983K [0x00000000d5580000, 0x00000000d5900000, 0x0000000100000000)
  eden space 1024K, 0% used [0x00000000d5580000,0x00000000d5580000,0x00000000d5680000)
  from space 1024K, 96% used [0x00000000d5800000,0x00000000d58f5de8,0x00000000d5900000)
  to   space 1024K, 0% used [0x00000000d5700000,0x00000000d5700000,0x00000000d5800000)
 ParOldGen       total 1282560K, used 1282345K [0x0000000080000000, 0x00000000ce480000, 0x00000000d5580000)
  object space 1282560K, 99% used [0x0000000080000000,0x00000000ce44a658,0x00000000ce480000)
 Metaspace       used 83855K, committed 85632K, reserved 1179648K
  class space    used 8872K, committed 9664K, reserved 1048576K
}
Event: 4677.058 GC heap before
{Heap before GC invocations=2597 (full 7):
 PSYoungGen      total 2048K, used 2007K [0x00000000d5580000, 0x00000000d5900000, 0x0000000100000000)
  eden space 1024K, 99% used [0x00000000d5580000,0x00000000d567ffd0,0x00000000d5680000)
  from space 1024K, 96% used [0x00000000d5800000,0x00000000d58f5de8,0x00000000d5900000)
  to   space 1024K, 0% used [0x00000000d5700000,0x00000000d5700000,0x00000000d5800000)
 ParOldGen       total 1282560K, used 1282345K [0x0000000080000000, 0x00000000ce480000, 0x00000000d5580000)
  object space 1282560K, 99% used [0x0000000080000000,0x00000000ce44a658,0x00000000ce480000)
 Metaspace       used 83855K, committed 85632K, reserved 1179648K
  class space    used 8872K, committed 9664K, reserved 1048576K
}
Event: 4677.062 GC heap after
{Heap after GC invocations=2597 (full 7):
 PSYoungGen      total 1536K, used 444K [0x00000000d5580000, 0x00000000d5880000, 0x0000000100000000)
  eden space 1024K, 0% used [0x00000000d5580000,0x00000000d5580000,0x00000000d5680000)
  from space 512K, 86% used [0x00000000d5700000,0x00000000d576f0e0,0x00000000d5780000)
  to   space 1024K, 0% used [0x00000000d5780000,0x00000000d5780000,0x00000000d5880000)
 ParOldGen       total 1283584K, used 1283297K [0x0000000080000000, 0x00000000ce580000, 0x00000000d5580000)
  object space 1283584K, 99% used [0x0000000080000000,0x00000000ce538710,0x00000000ce580000)
 Metaspace       used 83855K, committed 85632K, reserved 1179648K
  class space    used 8872K, committed 9664K, reserved 1048576K
}
Event: 4677.181 GC heap before
{Heap before GC invocations=2598 (full 7):
 PSYoungGen      total 1536K, used 1457K [0x00000000d5580000, 0x00000000d5880000, 0x0000000100000000)
  eden space 1024K, 98% used [0x00000000d5580000,0x00000000d567d3f0,0x00000000d5680000)
  from space 512K, 86% used [0x00000000d5700000,0x00000000d576f0e0,0x00000000d5780000)
  to   space 1024K, 0% used [0x00000000d5780000,0x00000000d5780000,0x00000000d5880000)
 ParOldGen       total 1283584K, used 1283297K [0x0000000080000000, 0x00000000ce580000, 0x00000000d5580000)
  object space 1283584K, 99% used [0x0000000080000000,0x00000000ce538710,0x00000000ce580000)
 Metaspace       used 83855K, committed 85632K, reserved 1179648K
  class space    used 8872K, committed 9664K, reserved 1048576K
}
Event: 4677.186 GC heap after
{Heap after GC invocations=2598 (full 7):
 PSYoungGen      total 1536K, used 176K [0x00000000d5580000, 0x00000000d5800000, 0x0000000100000000)
  eden space 1024K, 0% used [0x00000000d5580000,0x00000000d5580000,0x00000000d5680000)
  from space 512K, 34% used [0x00000000d5780000,0x00000000d57ac010,0x00000000d5800000)
  to   space 512K, 0% used [0x00000000d5700000,0x00000000d5700000,0x00000000d5780000)
 ParOldGen       total 1283584K, used 1283465K [0x0000000080000000, 0x00000000ce580000, 0x00000000d5580000)
  object space 1283584K, 99% used [0x0000000080000000,0x00000000ce562710,0x00000000ce580000)
 Metaspace       used 83855K, committed 85632K, reserved 1179648K
  class space    used 8872K, committed 9664K, reserved 1048576K
}
Event: 4677.593 GC heap before
{Heap before GC invocations=2599 (full 7):
 PSYoungGen      total 1536K, used 1190K [0x00000000d5580000, 0x00000000d5800000, 0x0000000100000000)
  eden space 1024K, 99% used [0x00000000d5580000,0x00000000d567da48,0x00000000d5680000)
  from space 512K, 34% used [0x00000000d5780000,0x00000000d57ac010,0x00000000d5800000)
  to   space 512K, 0% used [0x00000000d5700000,0x00000000d5700000,0x00000000d5780000)
 ParOldGen       total 1283584K, used 1283465K [0x0000000080000000, 0x00000000ce580000, 0x00000000d5580000)
  object space 1283584K, 99% used [0x0000000080000000,0x00000000ce562710,0x00000000ce580000)
 Metaspace       used 83855K, committed 85632K, reserved 1179648K
  class space    used 8872K, committed 9664K, reserved 1048576K
}
Event: 4677.598 GC heap after
{Heap after GC invocations=2599 (full 7):
 PSYoungGen      total 1536K, used 224K [0x00000000d5580000, 0x00000000d5800000, 0x0000000100000000)
  eden space 1024K, 0% used [0x00000000d5580000,0x00000000d5580000,0x00000000d5680000)
  from space 512K, 43% used [0x00000000d5700000,0x00000000d5738000,0x00000000d5780000)
  to   space 512K, 0% used [0x00000000d5780000,0x00000000d5780000,0x00000000d5800000)
 ParOldGen       total 1283584K, used 1283513K [0x0000000080000000, 0x00000000ce580000, 0x00000000d5580000)
  object space 1283584K, 99% used [0x0000000080000000,0x00000000ce56e710,0x00000000ce580000)
 Metaspace       used 83855K, committed 85632K, reserved 1179648K
  class space    used 8872K, committed 9664K, reserved 1048576K
}
Event: 4677.928 GC heap before
{Heap before GC invocations=2600 (full 7):
 PSYoungGen      total 1536K, used 1248K [0x00000000d5580000, 0x00000000d5800000, 0x0000000100000000)
  eden space 1024K, 100% used [0x00000000d5580000,0x00000000d5680000,0x00000000d5680000)
  from space 512K, 43% used [0x00000000d5700000,0x00000000d5738000,0x00000000d5780000)
  to   space 512K, 0% used [0x00000000d5780000,0x00000000d5780000,0x00000000d5800000)
 ParOldGen       total 1283584K, used 1283513K [0x0000000080000000, 0x00000000ce580000, 0x00000000d5580000)
  object space 1283584K, 99% used [0x0000000080000000,0x00000000ce56e710,0x00000000ce580000)
 Metaspace       used 83856K, committed 85632K, reserved 1179648K
  class space    used 8872K, committed 9664K, reserved 1048576K
}
Event: 4677.933 GC heap after
{Heap after GC invocations=2600 (full 7):
 PSYoungGen      total 1536K, used 144K [0x00000000d5580000, 0x00000000d5800000, 0x0000000100000000)
  eden space 1024K, 0% used [0x00000000d5580000,0x00000000d5580000,0x00000000d5680000)
  from space 512K, 28% used [0x00000000d5780000,0x00000000d57a4010,0x00000000d5800000)
  to   space 512K, 0% used [0x00000000d5700000,0x00000000d5700000,0x00000000d5780000)
 ParOldGen       total 1284096K, used 1283589K [0x0000000080000000, 0x00000000ce600000, 0x00000000d5580000)
  object space 1284096K, 99% used [0x0000000080000000,0x00000000ce581720,0x00000000ce600000)
 Metaspace       used 83856K, committed 85632K, reserved 1179648K
  class space    used 8872K, committed 9664K, reserved 1048576K
}
Event: 4678.427 GC heap before
{Heap before GC invocations=2601 (full 7):
 PSYoungGen      total 1536K, used 1168K [0x00000000d5580000, 0x00000000d5800000, 0x0000000100000000)
  eden space 1024K, 100% used [0x00000000d5580000,0x00000000d5680000,0x00000000d5680000)
  from space 512K, 28% used [0x00000000d5780000,0x00000000d57a4010,0x00000000d5800000)
  to   space 512K, 0% used [0x00000000d5700000,0x00000000d5700000,0x00000000d5780000)
 ParOldGen       total 1284096K, used 1283589K [0x0000000080000000, 0x00000000ce600000, 0x00000000d5580000)
  object space 1284096K, 99% used [0x0000000080000000,0x00000000ce581720,0x00000000ce600000)
 Metaspace       used 83856K, committed 85632K, reserved 1179648K
  class space    used 8872K, committed 9664K, reserved 1048576K
}
Event: 4678.432 GC heap after
{Heap after GC invocations=2601 (full 7):
 PSYoungGen      total 1536K, used 128K [0x00000000d5580000, 0x00000000d5800000, 0x0000000100000000)
  eden space 1024K, 0% used [0x00000000d5580000,0x00000000d5580000,0x00000000d5680000)
  from space 512K, 25% used [0x00000000d5700000,0x00000000d5720000,0x00000000d5780000)
  to   space 512K, 0% used [0x00000000d5780000,0x00000000d5780000,0x00000000d5800000)
 ParOldGen       total 1284096K, used 1283637K [0x0000000080000000, 0x00000000ce600000, 0x00000000d5580000)
  object space 1284096K, 99% used [0x0000000080000000,0x00000000ce58d730,0x00000000ce600000)
 Metaspace       used 83856K, committed 85632K, reserved 1179648K
  class space    used 8872K, committed 9664K, reserved 1048576K
}
Event: 4678.593 GC heap before
{Heap before GC invocations=2602 (full 7):
 PSYoungGen      total 1536K, used 1152K [0x00000000d5580000, 0x00000000d5800000, 0x0000000100000000)
  eden space 1024K, 100% used [0x00000000d5580000,0x00000000d5680000,0x00000000d5680000)
  from space 512K, 25% used [0x00000000d5700000,0x00000000d5720000,0x00000000d5780000)
  to   space 512K, 0% used [0x00000000d5780000,0x00000000d5780000,0x00000000d5800000)
 ParOldGen       total 1284096K, used 1283637K [0x0000000080000000, 0x00000000ce600000, 0x00000000d5580000)
  object space 1284096K, 99% used [0x0000000080000000,0x00000000ce58d730,0x00000000ce600000)
 Metaspace       used 83856K, committed 85632K, reserved 1179648K
  class space    used 8872K, committed 9664K, reserved 1048576K
}
Event: 4678.596 GC heap after
{Heap after GC invocations=2602 (full 7):
 PSYoungGen      total 1536K, used 128K [0x00000000d5580000, 0x00000000d5800000, 0x0000000100000000)
  eden space 1024K, 0% used [0x00000000d5580000,0x00000000d5580000,0x00000000d5680000)
  from space 512K, 25% used [0x00000000d5780000,0x00000000d57a0000,0x00000000d5800000)
  to   space 512K, 0% used [0x00000000d5700000,0x00000000d5700000,0x00000000d5780000)
 ParOldGen       total 1284096K, used 1283661K [0x0000000080000000, 0x00000000ce600000, 0x00000000d5580000)
  object space 1284096K, 99% used [0x0000000080000000,0x00000000ce593730,0x00000000ce600000)
 Metaspace       used 83856K, committed 85632K, reserved 1179648K
  class space    used 8872K, committed 9664K, reserved 1048576K
}
Event: 4683.744 GC heap before
{Heap before GC invocations=2603 (full 7):
 PSYoungGen      total 1536K, used 1152K [0x00000000d5580000, 0x00000000d5800000, 0x0000000100000000)
  eden space 1024K, 100% used [0x00000000d5580000,0x00000000d5680000,0x00000000d5680000)
  from space 512K, 25% used [0x00000000d5780000,0x00000000d57a0000,0x00000000d5800000)
  to   space 512K, 0% used [0x00000000d5700000,0x00000000d5700000,0x00000000d5780000)
 ParOldGen       total 1285120K, used 1284732K [0x0000000080000000, 0x00000000ce700000, 0x00000000d5580000)
  object space 1285120K, 99% used [0x0000000080000000,0x00000000ce69f2f0,0x00000000ce700000)
 Metaspace       used 83857K, committed 85632K, reserved 1179648K
  class space    used 8872K, committed 9664K, reserved 1048576K
}
Event: 4683.754 GC heap after
{Heap after GC invocations=2603 (full 7):
 PSYoungGen      total 1536K, used 352K [0x00000000d5580000, 0x00000000d5800000, 0x0000000100000000)
  eden space 1024K, 0% used [0x00000000d5580000,0x00000000d5580000,0x00000000d5680000)
  from space 512K, 68% used [0x00000000d5700000,0x00000000d5758000,0x00000000d5780000)
  to   space 512K, 0% used [0x00000000d5780000,0x00000000d5780000,0x00000000d5800000)
 ParOldGen       total 1285120K, used 1284764K [0x0000000080000000, 0x00000000ce700000, 0x00000000d5580000)
  object space 1285120K, 99% used [0x0000000080000000,0x00000000ce6a72f0,0x00000000ce700000)
 Metaspace       used 83857K, committed 85632K, reserved 1179648K
  class space    used 8872K, committed 9664K, reserved 1048576K
}
Event: 4691.341 GC heap before
{Heap before GC invocations=2604 (full 7):
 PSYoungGen      total 1536K, used 1376K [0x00000000d5580000, 0x00000000d5800000, 0x0000000100000000)
  eden space 1024K, 100% used [0x00000000d5580000,0x00000000d5680000,0x00000000d5680000)
  from space 512K, 68% used [0x00000000d5700000,0x00000000d5758000,0x00000000d5780000)
  to   space 512K, 0% used [0x00000000d5780000,0x00000000d5780000,0x00000000d5800000)
 ParOldGen       total 1285120K, used 1284764K [0x0000000080000000, 0x00000000ce700000, 0x00000000d5580000)
  object space 1285120K, 99% used [0x0000000080000000,0x00000000ce6a72f0,0x00000000ce700000)
 Metaspace       used 83857K, committed 85632K, reserved 1179648K
  class space    used 8872K, committed 9664K, reserved 1048576K
}
Event: 4691.663 GC heap after
{Heap after GC invocations=2604 (full 7):
 PSYoungGen      total 1024K, used 512K [0x00000000d5580000, 0x00000000d5980000, 0x0000000100000000)
  eden space 512K, 0% used [0x00000000d5580000,0x00000000d5580000,0x00000000d5600000)
  from space 512K, 100% used [0x00000000d5780000,0x00000000d5800000,0x00000000d5800000)
  to   space 1536K, 0% used [0x00000000d5600000,0x00000000d5600000,0x00000000d5780000)
 ParOldGen       total 1285632K, used 1285524K [0x0000000080000000, 0x00000000ce780000, 0x00000000d5580000)
  object space 1285632K, 99% used [0x0000000080000000,0x00000000ce765300,0x00000000ce780000)
 Metaspace       used 83857K, committed 85632K, reserved 1179648K
  class space    used 8872K, committed 9664K, reserved 1048576K
}

Dll operation events (15 events):
Event: 0.046 Loaded shared library c:\Users\OS 10\.vscode\extensions\redhat.java-1.55.0-win32-x64\jre\21.0.11-win32-x86_64\bin\java.dll
Event: 0.304 Loaded shared library c:\Users\OS 10\.vscode\extensions\redhat.java-1.55.0-win32-x64\jre\21.0.11-win32-x86_64\bin\zip.dll
Event: 0.366 Loaded shared library C:\Users\OS 10\.vscode\extensions\redhat.java-1.55.0-win32-x64\jre\21.0.11-win32-x86_64\bin\instrument.dll
Event: 0.378 Loaded shared library C:\Users\OS 10\.vscode\extensions\redhat.java-1.55.0-win32-x64\jre\21.0.11-win32-x86_64\bin\net.dll
Event: 0.382 Loaded shared library C:\Users\OS 10\.vscode\extensions\redhat.java-1.55.0-win32-x64\jre\21.0.11-win32-x86_64\bin\nio.dll
Event: 0.389 Loaded shared library C:\Users\OS 10\.vscode\extensions\redhat.java-1.55.0-win32-x64\jre\21.0.11-win32-x86_64\bin\zip.dll
Event: 0.511 Loaded shared library C:\Users\OS 10\.vscode\extensions\redhat.java-1.55.0-win32-x64\jre\21.0.11-win32-x86_64\bin\jimage.dll
Event: 0.893 Loaded shared library c:\Users\OS 10\.vscode\extensions\redhat.java-1.55.0-win32-x64\jre\21.0.11-win32-x86_64\bin\verify.dll
Event: 5.084 Loaded shared library C:\Users\OS 10\AppData\Roaming\Code\User\globalStorage\redhat.java\1.55.0\config_win\org.eclipse.equinox.launcher\org.eclipse.equinox.launcher.win32.win32.x86_64_1.3.100.v20260613-0559\eclipse_11924.dll
Event: 11.333 Loaded shared library C:\Users\OS 10\AppData\Local\Temp\jna-75463131\jna17808214681884273648.dll
Event: 26.571 Loaded shared library C:\Users\OS 10\.gradle\native\660c5614fbf4a5f2a75b1949f50a0caf5cd603558e7d8a26e50b933a0cfb79d1\windows-amd64\native-platform.dll
Event: 27.320 Loaded shared library C:\Users\OS 10\.vscode\extensions\redhat.java-1.55.0-win32-x64\jre\21.0.11-win32-x86_64\bin\management.dll
Event: 27.329 Loaded shared library C:\Users\OS 10\.vscode\extensions\redhat.java-1.55.0-win32-x64\jre\21.0.11-win32-x86_64\bin\management_ext.dll
Event: 27.569 Loaded shared library C:\Users\OS 10\.vscode\extensions\redhat.java-1.55.0-win32-x64\jre\21.0.11-win32-x86_64\bin\extnet.dll
Event: 28.168 Loaded shared library C:\Users\OS 10\.vscode\extensions\redhat.java-1.55.0-win32-x64\jre\21.0.11-win32-x86_64\bin\sunmscapi.dll

Deoptimization events (20 events):
Event: 4471.260 Thread 0x000001dbf4c5ade0 DEOPT PACKING pc=0x000001db9846ec44 sp=0x00000019431fe830
Event: 4471.260 Thread 0x000001dbf4c5ade0 DEOPT UNPACKING pc=0x000001db9f314242 sp=0x00000019431fdd10 mode 0
Event: 4671.192 Thread 0x000001dbf4c57ff0 Uncommon trap: trap_request=0xffffff6e fr.pc=0x000001db9ff2da68 relative=0x0000000000000a48
Event: 4671.192 Thread 0x000001dbf4c57ff0 Uncommon trap: reason=loop_limit_check action=maybe_recompile pc=0x000001db9ff2da68 method=org.eclipse.jdt.internal.compiler.lookup.BinaryTypeBinding.getMethods([CI)[Lorg/eclipse/jdt/internal/compiler/lookup/MethodBinding; @ 150 c2
Event: 4671.193 Thread 0x000001dbf4c57ff0 DEOPT PACKING pc=0x000001db9ff2da68 sp=0x00000019429fdc10
Event: 4671.193 Thread 0x000001dbf4c57ff0 DEOPT UNPACKING pc=0x000001db9f313aa2 sp=0x00000019429fdb88 mode 2
Event: 4671.913 Thread 0x000001dbf4c57ff0 Uncommon trap: trap_request=0xffffff6e fr.pc=0x000001dba0091f50 relative=0x0000000000000190
Event: 4671.913 Thread 0x000001dbf4c57ff0 Uncommon trap: reason=loop_limit_check action=maybe_recompile pc=0x000001dba0091f50 method=org.eclipse.jdt.internal.compiler.codegen.CodeStream.exitUserScope(Lorg/eclipse/jdt/internal/compiler/lookup/BlockScope;Ljava/util/function/Predicate;)V @ 77 c2
Event: 4671.913 Thread 0x000001dbf4c57ff0 DEOPT PACKING pc=0x000001dba0091f50 sp=0x00000019429fe950
Event: 4671.913 Thread 0x000001dbf4c57ff0 DEOPT UNPACKING pc=0x000001db9f313aa2 sp=0x00000019429fe8e8 mode 2
Event: 4676.193 Thread 0x000001dbf4c57ff0 DEOPT PACKING pc=0x000001db98a44a64 sp=0x00000019429fe970
Event: 4676.193 Thread 0x000001dbf4c57ff0 DEOPT UNPACKING pc=0x000001db9f314242 sp=0x00000019429fdeb8 mode 0
Event: 4676.256 Thread 0x000001dbf4c57ff0 Uncommon trap: trap_request=0xffffff6e fr.pc=0x000001db9fbf248c relative=0x000000000000614c
Event: 4676.256 Thread 0x000001dbf4c57ff0 Uncommon trap: reason=loop_limit_check action=maybe_recompile pc=0x000001db9fbf248c method=org.eclipse.jdt.internal.compiler.lookup.ImplicitNullAnnotationVerifier.checkImplicitNullAnnotations(Lorg/eclipse/jdt/internal/compiler/lookup/MethodBinding;Lorg/ec
Event: 4676.256 Thread 0x000001dbf4c57ff0 DEOPT PACKING pc=0x000001db9fbf248c sp=0x00000019429fe8b0
Event: 4676.259 Thread 0x000001dbf4c57ff0 DEOPT UNPACKING pc=0x000001db9f313aa2 sp=0x00000019429fe8b0 mode 2
Event: 4676.497 Thread 0x000001dbf4c57ff0 Uncommon trap: trap_request=0xffffffbe fr.pc=0x000001dba025c72c relative=0x000000000000264c
Event: 4676.497 Thread 0x000001dbf4c57ff0 Uncommon trap: reason=profile_predicate action=maybe_recompile pc=0x000001dba025c72c method=org.eclipse.jdt.internal.compiler.lookup.MethodVerifier15.checkMethods()V @ 774 c2
Event: 4676.498 Thread 0x000001dbf4c57ff0 DEOPT PACKING pc=0x000001dba025c72c sp=0x00000019429fea00
Event: 4676.498 Thread 0x000001dbf4c57ff0 DEOPT UNPACKING pc=0x000001db9f313aa2 sp=0x00000019429fe9c0 mode 2

Classes loaded (20 events):
Event: 3062.061 Loading class jdk/internal/module/IllegalAccessLogger
Event: 3062.061 Loading class jdk/internal/module/IllegalAccessLogger done
Event: 3846.676 Loading class jdk/internal/module/IllegalAccessLogger
Event: 3846.676 Loading class jdk/internal/module/IllegalAccessLogger done
Event: 3856.979 Loading class jdk/internal/module/IllegalAccessLogger
Event: 3856.979 Loading class jdk/internal/module/IllegalAccessLogger done
Event: 3994.297 Loading class jdk/internal/module/IllegalAccessLogger
Event: 3994.298 Loading class jdk/internal/module/IllegalAccessLogger done
Event: 4086.945 Loading class jdk/internal/module/IllegalAccessLogger
Event: 4086.945 Loading class jdk/internal/module/IllegalAccessLogger done
Event: 4297.331 Loading class jdk/internal/module/IllegalAccessLogger
Event: 4297.332 Loading class jdk/internal/module/IllegalAccessLogger done
Event: 4328.806 Loading class jdk/internal/module/IllegalAccessLogger
Event: 4328.806 Loading class jdk/internal/module/IllegalAccessLogger done
Event: 4594.363 Loading class jdk/internal/module/IllegalAccessLogger
Event: 4594.365 Loading class jdk/internal/module/IllegalAccessLogger done
Event: 4667.283 Loading class jdk/internal/module/IllegalAccessLogger
Event: 4667.283 Loading class jdk/internal/module/IllegalAccessLogger done
Event: 4677.073 Loading class jdk/internal/module/IllegalAccessLogger
Event: 4677.073 Loading class jdk/internal/module/IllegalAccessLogger done

Classes unloaded (8 events):
Event: 12.939 Thread 0x000001db94c4c950 Unloading class 0x000001dbad1acc00 'java/lang/invoke/LambdaForm$MH+0x000001dbad1acc00'
Event: 12.939 Thread 0x000001db94c4c950 Unloading class 0x000001dbad1ac800 'java/lang/invoke/LambdaForm$MH+0x000001dbad1ac800'
Event: 12.939 Thread 0x000001db94c4c950 Unloading class 0x000001dbad1ac400 'java/lang/invoke/LambdaForm$MH+0x000001dbad1ac400'
Event: 12.939 Thread 0x000001db94c4c950 Unloading class 0x000001dbad1ac000 'java/lang/invoke/LambdaForm$MH+0x000001dbad1ac000'
Event: 12.939 Thread 0x000001db94c4c950 Unloading class 0x000001dbad1abc00 'java/lang/invoke/LambdaForm$BMH+0x000001dbad1abc00'
Event: 12.939 Thread 0x000001db94c4c950 Unloading class 0x000001dbad1ab800 'java/lang/invoke/LambdaForm$DMH+0x000001dbad1ab800'
Event: 12.939 Thread 0x000001db94c4c950 Unloading class 0x000001dbad1aa400 'java/lang/invoke/LambdaForm$DMH+0x000001dbad1aa400'
Event: 475.765 Thread 0x000001db94c4c950 Unloading class 0x000001dbad884800 'java/lang/invoke/LambdaForm$DMH+0x000001dbad884800'

Classes redefined (0 events):
No events

Internal exceptions (20 events):
Event: 4677.722 Thread 0x000001dbff859970 Exception <a 'sun/nio/fs/WindowsException'{0x00000000d55e2e90}> (0x00000000d55e2e90) 
thrown [s\src\hotspot\share\prims\jni.cpp, line 520]
Event: 4677.726 Thread 0x000001dbff859970 Exception <a 'sun/nio/fs/WindowsException'{0x00000000d55e44e8}> (0x00000000d55e44e8) 
thrown [s\src\hotspot\share\prims\jni.cpp, line 520]
Event: 4677.731 Thread 0x000001dbff859970 Exception <a 'sun/nio/fs/WindowsException'{0x00000000d55e5cc0}> (0x00000000d55e5cc0) 
thrown [s\src\hotspot\share\prims\jni.cpp, line 520]
Event: 4677.740 Thread 0x000001dbff859970 Exception <a 'sun/nio/fs/WindowsException'{0x00000000d55e72f0}> (0x00000000d55e72f0) 
thrown [s\src\hotspot\share\prims\jni.cpp, line 520]
Event: 4677.746 Thread 0x000001dbff859970 Exception <a 'sun/nio/fs/WindowsException'{0x00000000d55e8908}> (0x00000000d55e8908) 
thrown [s\src\hotspot\share\prims\jni.cpp, line 520]
Event: 4677.749 Thread 0x000001dbff859970 Exception <a 'sun/nio/fs/WindowsException'{0x00000000d55ea0f8}> (0x00000000d55ea0f8) 
thrown [s\src\hotspot\share\prims\jni.cpp, line 520]
Event: 4677.760 Thread 0x000001dbff859970 Exception <a 'sun/nio/fs/WindowsException'{0x00000000d55eb748}> (0x00000000d55eb748) 
thrown [s\src\hotspot\share\prims\jni.cpp, line 520]
Event: 4677.766 Thread 0x000001dbff859970 Exception <a 'sun/nio/fs/WindowsException'{0x00000000d55ecd60}> (0x00000000d55ecd60) 
thrown [s\src\hotspot\share\prims\jni.cpp, line 520]
Event: 4677.779 Thread 0x000001dbff859970 Exception <a 'sun/nio/fs/WindowsException'{0x00000000d55ee468}> (0x00000000d55ee468) 
thrown [s\src\hotspot\share\prims\jni.cpp, line 520]
Event: 4677.782 Thread 0x000001dbff859970 Exception <a 'sun/nio/fs/WindowsException'{0x00000000d55efce0}> (0x00000000d55efce0) 
thrown [s\src\hotspot\share\prims\jni.cpp, line 520]
Event: 4677.789 Thread 0x000001dbff859970 Exception <a 'sun/nio/fs/WindowsException'{0x00000000d55f11a8}> (0x00000000d55f11a8) 
thrown [s\src\hotspot\share\prims\jni.cpp, line 520]
Event: 4677.795 Thread 0x000001dbff859970 Exception <a 'sun/nio/fs/WindowsException'{0x00000000d55f2720}> (0x00000000d55f2720) 
thrown [s\src\hotspot\share\prims\jni.cpp, line 520]
Event: 4677.808 Thread 0x000001dbff859970 Exception <a 'sun/nio/fs/WindowsException'{0x00000000d55f3ff8}> (0x00000000d55f3ff8) 
thrown [s\src\hotspot\share\prims\jni.cpp, line 520]
Event: 4677.831 Thread 0x000001dbff859970 Exception <a 'sun/nio/fs/WindowsException'{0x00000000d55f55b8}> (0x00000000d55f55b8) 
thrown [s\src\hotspot\share\prims\jni.cpp, line 520]
Event: 4677.844 Thread 0x000001dbff859970 Exception <a 'sun/nio/fs/WindowsException'{0x00000000d55f6be8}> (0x00000000d55f6be8) 
thrown [s\src\hotspot\share\prims\jni.cpp, line 520]
Event: 4677.848 Thread 0x000001dbff859970 Exception <a 'sun/nio/fs/WindowsException'{0x00000000d55f8238}> (0x00000000d55f8238) 
thrown [s\src\hotspot\share\prims\jni.cpp, line 520]
Event: 4677.861 Thread 0x000001dbff859970 Exception <a 'sun/nio/fs/WindowsException'{0x00000000d55f9ba0}> (0x00000000d55f9ba0) 
thrown [s\src\hotspot\share\prims\jni.cpp, line 520]
Event: 4677.874 Thread 0x000001dbff859970 Exception <a 'sun/nio/fs/WindowsException'{0x00000000d55fb278}> (0x00000000d55fb278) 
thrown [s\src\hotspot\share\prims\jni.cpp, line 520]
Event: 4677.876 Thread 0x000001dbff859970 Exception <a 'sun/nio/fs/WindowsException'{0x00000000d55fc810}> (0x00000000d55fc810) 
thrown [s\src\hotspot\share\prims\jni.cpp, line 520]
Event: 4677.888 Thread 0x000001dbff859970 Exception <a 'sun/nio/fs/WindowsException'{0x00000000d55fdf70}> (0x00000000d55fdf70) 
thrown [s\src\hotspot\share\prims\jni.cpp, line 520]

ZGC Phase Switch (0 events):
No events

VM Operations (20 events):
Event: 4677.058 Executing safepoint VM operation: ParallelGCFailedAllocation (Allocation Failure)
Event: 4677.062 Executing safepoint VM operation: ParallelGCFailedAllocation (Allocation Failure) done
Event: 4677.181 Executing safepoint VM operation: ParallelGCFailedAllocation (Allocation Failure)
Event: 4677.186 Executing safepoint VM operation: ParallelGCFailedAllocation (Allocation Failure) done
Event: 4677.593 Executing safepoint VM operation: ParallelGCFailedAllocation (Allocation Failure)
Event: 4677.598 Executing safepoint VM operation: ParallelGCFailedAllocation (Allocation Failure) done
Event: 4677.928 Executing safepoint VM operation: ParallelGCFailedAllocation (Allocation Failure)
Event: 4677.933 Executing safepoint VM operation: ParallelGCFailedAllocation (Allocation Failure) done
Event: 4678.427 Executing safepoint VM operation: ParallelGCFailedAllocation (Allocation Failure)
Event: 4678.432 Executing safepoint VM operation: ParallelGCFailedAllocation (Allocation Failure) done
Event: 4678.593 Executing safepoint VM operation: ParallelGCFailedAllocation (Allocation Failure)
Event: 4678.596 Executing safepoint VM operation: ParallelGCFailedAllocation (Allocation Failure) done
Event: 4683.744 Executing safepoint VM operation: ParallelGCFailedAllocation (Allocation Failure)
Event: 4683.754 Executing safepoint VM operation: ParallelGCFailedAllocation (Allocation Failure) done
Event: 4691.341 Executing safepoint VM operation: ParallelGCFailedAllocation (Allocation Failure)
Event: 4691.663 Executing safepoint VM operation: ParallelGCFailedAllocation (Allocation Failure) done
Event: 4694.992 Executing non-safepoint VM operation: HandshakeAllThreads (HandshakeForDeflation)
Event: 4694.992 Executing non-safepoint VM operation: HandshakeAllThreads (HandshakeForDeflation) done
Event: 4694.992 Executing non-safepoint VM operation: RendezvousGCThreads
Event: 4694.992 Executing non-safepoint VM operation: RendezvousGCThreads done

Memory protections (0 events):
No events

Nmethod flushes (20 events):
Event: 1860.042 Thread 0x000001db94c4c950 flushing  nmethod 0x000001db9a07fc90
Event: 1860.042 Thread 0x000001db94c4c950 flushing  nmethod 0x000001db9a087510
Event: 1860.042 Thread 0x000001db94c4c950 flushing  nmethod 0x000001db9a08a110
Event: 1860.042 Thread 0x000001db94c4c950 flushing  nmethod 0x000001db9a092d90
Event: 1860.042 Thread 0x000001db94c4c950 flushing  nmethod 0x000001db9a094190
Event: 1860.042 Thread 0x000001db94c4c950 flushing  nmethod 0x000001db9a0aad10
Event: 1860.042 Thread 0x000001db94c4c950 flushing  nmethod 0x000001db9a0ab110
Event: 1860.042 Thread 0x000001db94c4c950 flushing  nmethod 0x000001db9a0aba90
Event: 1860.042 Thread 0x000001db94c4c950 flushing  nmethod 0x000001db9a0c1990
Event: 1860.042 Thread 0x000001db94c4c950 flushing  nmethod 0x000001db9a0d9090
Event: 1860.042 Thread 0x000001db94c4c950 flushing  nmethod 0x000001db9a0e9590
Event: 1860.042 Thread 0x000001db94c4c950 flushing  nmethod 0x000001db9a0eb890
Event: 1860.042 Thread 0x000001db94c4c950 flushing  nmethod 0x000001db9a0f6f10
Event: 1860.042 Thread 0x000001db94c4c950 flushing  nmethod 0x000001db9a10b190
Event: 1860.042 Thread 0x000001db94c4c950 flushing  nmethod 0x000001db9a118510
Event: 1860.042 Thread 0x000001db94c4c950 flushing  nmethod 0x000001db9a119e90
Event: 1860.042 Thread 0x000001db94c4c950 flushing  nmethod 0x000001db9a121a10
Event: 1860.042 Thread 0x000001db94c4c950 flushing  nmethod 0x000001db9a13f990
Event: 1860.042 Thread 0x000001db94c4c950 flushing  nmethod 0x000001db9a147690
Event: 1860.042 Thread 0x000001db94c4c950 flushing  nmethod 0x000001db9a1a6310

Events (20 events):
Event: 4297.336 Thread 0x000001dbff859970 Thread added: 0x000001dbff8585c0
Event: 4298.239 Thread 0x000001dbff858c50 Thread added: 0x000001dbff855e60
Event: 4388.836 Thread 0x000001dbff8585c0 Thread exited: 0x000001dbff8585c0
Event: 4389.085 Thread 0x000001dbff855e60 Thread exited: 0x000001dbff855e60
Event: 4594.354 Thread 0x000001dbff858c50 Thread added: 0x000001dbff855e60
Event: 4594.370 Thread 0x000001dbff859970 Thread added: 0x000001dbff8585c0
Event: 4596.643 Thread 0x000001dbff855e60 Thread added: 0x000001dbff85c0d0
Event: 4596.647 Thread 0x000001dbff85c0d0 Thread exited: 0x000001dbff85c0d0
Event: 4596.673 Thread 0x000001dbff855e60 Thread added: 0x000001dbff85ad20
Event: 4596.675 Thread 0x000001dbff85ad20 Thread exited: 0x000001dbff85ad20
Event: 4628.634 Thread 0x000001dbff85a000 Thread exited: 0x000001dbff85a000
Event: 4654.594 Thread 0x000001dbff8585c0 Thread exited: 0x000001dbff8585c0
Event: 4661.330 Thread 0x000001dbff855e60 Thread added: 0x000001dbff85ad20
Event: 4664.721 Thread 0x000001dbff859970 Thread added: 0x000001dbff85a000
Event: 4664.733 Thread 0x000001dbff85a000 Thread added: 0x000001dbff85ba40
Event: 4664.746 Thread 0x000001dbff85a000 Thread added: 0x000001dbff8585c0
Event: 4664.748 Thread 0x000001dbff85a000 Thread added: 0x000001dbff85c0d0
Event: 4667.314 Thread 0x000001dbff859970 Thread added: 0x000001dbf4c57ff0
Event: 4667.909 Thread 0x000001dbff859970 Thread added: 0x000001dbf4c5bb00
Event: 4667.969 Thread 0x000001dbff859970 Thread added: 0x000001dbf4c5c190


Dynamic libraries:
0x00007ff7c0d30000 - 0x00007ff7c0d3e000 	c:\Users\OS 10\.vscode\extensions\redhat.java-1.55.0-win32-x64\jre\21.0.11-win32-x86_64\bin\java.exe
0x00007ffd6dfe0000 - 0x00007ffd6e247000 	C:\WINDOWS\SYSTEM32\ntdll.dll
0x00007ffd6c4e0000 - 0x00007ffd6c5a9000 	C:\WINDOWS\System32\KERNEL32.DLL
0x00007ffd6b270000 - 0x00007ffd6b65f000 	C:\WINDOWS\System32\KERNELBASE.dll
0x00007ffd6b750000 - 0x00007ffd6b89b000 	C:\WINDOWS\System32\ucrtbase.dll
0x00007ffd37660000 - 0x00007ffd37678000 	c:\Users\OS 10\.vscode\extensions\redhat.java-1.55.0-win32-x64\jre\21.0.11-win32-x86_64\bin\jli.dll
0x00007ffd6c310000 - 0x00007ffd6c4d5000 	C:\WINDOWS\System32\USER32.dll
0x00007ffd6b670000 - 0x00007ffd6b697000 	C:\WINDOWS\System32\win32u.dll
0x00007ffd6d010000 - 0x00007ffd6d03b000 	C:\WINDOWS\System32\GDI32.dll
0x00007ffd6b8a0000 - 0x00007ffd6b9cc000 	C:\WINDOWS\System32\gdi32full.dll
0x00007ffd6b6a0000 - 0x00007ffd6b743000 	C:\WINDOWS\System32\msvcp_win.dll
0x00007ffd2ef40000 - 0x00007ffd2ef5e000 	c:\Users\OS 10\.vscode\extensions\redhat.java-1.55.0-win32-x64\jre\21.0.11-win32-x86_64\bin\VCRUNTIME140.dll
0x00007ffd5a640000 - 0x00007ffd5a8d3000 	C:\WINDOWS\WinSxS\amd64_microsoft.windows.common-controls_6595b64144ccf1df_6.0.26100.7309_none_3e05feeae336a044\COMCTL32.dll
0x00007ffd6bff0000 - 0x00007ffd6c099000 	C:\WINDOWS\System32\msvcrt.dll
0x00007ffd6d760000 - 0x00007ffd6d791000 	C:\WINDOWS\System32\IMM32.DLL
0x00007ffd619f0000 - 0x00007ffd619fc000 	c:\Users\OS 10\.vscode\extensions\redhat.java-1.55.0-win32-x64\jre\21.0.11-win32-x86_64\bin\vcruntime140_1.dll
0x00007ffd03e10000 - 0x00007ffd03e9d000 	c:\Users\OS 10\.vscode\extensions\redhat.java-1.55.0-win32-x64\jre\21.0.11-win32-x86_64\bin\msvcp140.dll
0x00007ffc9ee50000 - 0x00007ffc9fbf2000 	c:\Users\OS 10\.vscode\extensions\redhat.java-1.55.0-win32-x64\jre\21.0.11-win32-x86_64\bin\server\jvm.dll
0x00007ffd6d6a0000 - 0x00007ffd6d754000 	C:\WINDOWS\System32\ADVAPI32.dll
0x00007ffd6be10000 - 0x00007ffd6beb6000 	C:\WINDOWS\System32\sechost.dll
0x00007ffd6c5b0000 - 0x00007ffd6c6c8000 	C:\WINDOWS\System32\RPCRT4.dll
0x00007ffd6dd10000 - 0x00007ffd6dd84000 	C:\WINDOWS\System32\WS2_32.dll
0x00007ffd6af90000 - 0x00007ffd6afee000 	C:\WINDOWS\SYSTEM32\POWRPROF.dll
0x00007ffd43f10000 - 0x00007ffd43f45000 	C:\WINDOWS\SYSTEM32\WINMM.dll
0x00007ffd5f300000 - 0x00007ffd5f30b000 	C:\WINDOWS\SYSTEM32\VERSION.dll
0x00007ffd6af70000 - 0x00007ffd6af84000 	C:\WINDOWS\SYSTEM32\UMPDC.dll
0x00007ffd69ea0000 - 0x00007ffd69ebb000 	C:\WINDOWS\SYSTEM32\kernel.appcore.dll
0x00007ffd603d0000 - 0x00007ffd603da000 	c:\Users\OS 10\.vscode\extensions\redhat.java-1.55.0-win32-x64\jre\21.0.11-win32-x86_64\bin\jimage.dll
0x00007ffd689d0000 - 0x00007ffd68c12000 	C:\WINDOWS\SYSTEM32\DBGHELP.DLL
0x00007ffd6d980000 - 0x00007ffd6dd05000 	C:\WINDOWS\System32\combase.dll
0x00007ffd6cf30000 - 0x00007ffd6d006000 	C:\WINDOWS\System32\OLEAUT32.dll
0x00007ffd56960000 - 0x00007ffd5699c000 	C:\WINDOWS\SYSTEM32\dbgcore.DLL
0x00007ffd6b1c0000 - 0x00007ffd6b265000 	C:\WINDOWS\System32\bcryptPrimitives.dll
0x00007ffd60190000 - 0x00007ffd6019f000 	c:\Users\OS 10\.vscode\extensions\redhat.java-1.55.0-win32-x64\jre\21.0.11-win32-x86_64\bin\instrument.dll
0x00007ffd29b60000 - 0x00007ffd29b80000 	c:\Users\OS 10\.vscode\extensions\redhat.java-1.55.0-win32-x64\jre\21.0.11-win32-x86_64\bin\java.dll
0x00007ffd6c7d0000 - 0x00007ffd6cf23000 	C:\WINDOWS\System32\SHELL32.dll
0x00007ffd6bb50000 - 0x00007ffd6bcba000 	C:\WINDOWS\System32\wintypes.dll
0x00007ffd68d10000 - 0x00007ffd6956e000 	C:\WINDOWS\SYSTEM32\windows.storage.dll
0x00007ffd6bef0000 - 0x00007ffd6bfe5000 	C:\WINDOWS\System32\SHCORE.dll
0x00007ffd6df30000 - 0x00007ffd6df96000 	C:\WINDOWS\System32\shlwapi.dll
0x00007ffd6b050000 - 0x00007ffd6b079000 	C:\WINDOWS\SYSTEM32\profapi.dll
0x00007ffd176f0000 - 0x00007ffd17708000 	c:\Users\OS 10\.vscode\extensions\redhat.java-1.55.0-win32-x64\jre\21.0.11-win32-x86_64\bin\zip.dll
0x00007ffd589c0000 - 0x00007ffd589d0000 	C:\Users\OS 10\.vscode\extensions\redhat.java-1.55.0-win32-x64\jre\21.0.11-win32-x86_64\bin\net.dll
0x00007ffd61af0000 - 0x00007ffd61c18000 	C:\WINDOWS\SYSTEM32\WINHTTP.dll
0x00007ffd6a3f0000 - 0x00007ffd6a45b000 	C:\WINDOWS\system32\mswsock.dll
0x00007ffd143e0000 - 0x00007ffd143f6000 	C:\Users\OS 10\.vscode\extensions\redhat.java-1.55.0-win32-x64\jre\21.0.11-win32-x86_64\bin\nio.dll
0x00007ffd620f0000 - 0x00007ffd62100000 	c:\Users\OS 10\.vscode\extensions\redhat.java-1.55.0-win32-x64\jre\21.0.11-win32-x86_64\bin\verify.dll
0x00007ffd3a200000 - 0x00007ffd3a245000 	C:\Users\OS 10\AppData\Roaming\Code\User\globalStorage\redhat.java\1.55.0\config_win\org.eclipse.equinox.launcher\org.eclipse.equinox.launcher.win32.win32.x86_64_1.3.100.v20260613-0559\eclipse_11924.dll
0x00007ffd6c0a0000 - 0x00007ffd6c237000 	C:\WINDOWS\System32\ole32.dll
0x00007ffd6a7e0000 - 0x00007ffd6a7fb000 	C:\WINDOWS\SYSTEM32\CRYPTSP.dll
0x00007ffd69e00000 - 0x00007ffd69e3a000 	C:\WINDOWS\system32\rsaenh.dll
0x00007ffd6a4a0000 - 0x00007ffd6a4cb000 	C:\WINDOWS\SYSTEM32\USERENV.dll
0x00007ffd6b020000 - 0x00007ffd6b04a000 	C:\WINDOWS\SYSTEM32\bcrypt.dll
0x00007ffd6a640000 - 0x00007ffd6a64c000 	C:\WINDOWS\SYSTEM32\CRYPTBASE.dll
0x00007ffd69890000 - 0x00007ffd698c4000 	C:\WINDOWS\SYSTEM32\IPHLPAPI.DLL
0x00007ffd6d4d0000 - 0x00007ffd6d4da000 	C:\WINDOWS\System32\NSI.dll
0x00007ffd0e890000 - 0x00007ffd0e8d9000 	C:\Users\OS 10\AppData\Local\Temp\jna-75463131\jna17808214681884273648.dll
0x00007ffd6dd90000 - 0x00007ffd6dd98000 	C:\WINDOWS\System32\PSAPI.DLL
0x00007ffd611a0000 - 0x00007ffd611be000 	C:\WINDOWS\SYSTEM32\dhcpcsvc6.DLL
0x00007ffd60ec0000 - 0x00007ffd60ee3000 	C:\WINDOWS\SYSTEM32\dhcpcsvc.DLL
0x00007ffd62100000 - 0x00007ffd62127000 	C:\Users\OS 10\.gradle\native\660c5614fbf4a5f2a75b1949f50a0caf5cd603558e7d8a26e50b933a0cfb79d1\windows-amd64\native-platform.dll
0x00007ffd61680000 - 0x00007ffd6168a000 	C:\Users\OS 10\.vscode\extensions\redhat.java-1.55.0-win32-x64\jre\21.0.11-win32-x86_64\bin\management.dll
0x00007ffd61670000 - 0x00007ffd6167c000 	C:\Users\OS 10\.vscode\extensions\redhat.java-1.55.0-win32-x64\jre\21.0.11-win32-x86_64\bin\management_ext.dll
0x00007ffd61660000 - 0x00007ffd61669000 	C:\Users\OS 10\.vscode\extensions\redhat.java-1.55.0-win32-x64\jre\21.0.11-win32-x86_64\bin\extnet.dll
0x00007ffd62930000 - 0x00007ffd6293e000 	C:\Users\OS 10\.vscode\extensions\redhat.java-1.55.0-win32-x64\jre\21.0.11-win32-x86_64\bin\sunmscapi.dll
0x00007ffd6b9d0000 - 0x00007ffd6bb47000 	C:\WINDOWS\System32\CRYPT32.dll
0x00007ffd6a930000 - 0x00007ffd6a960000 	C:\WINDOWS\SYSTEM32\ncrypt.dll
0x00007ffd6a8e0000 - 0x00007ffd6a91f000 	C:\WINDOWS\SYSTEM32\NTASN1.dll
0x00007ffd62140000 - 0x00007ffd62148000 	C:\WINDOWS\system32\wshunix.dll
0x00007ffd69fc0000 - 0x00007ffd69ff6000 	C:\WINDOWS\SYSTEM32\ntmarta.dll

JVMTI agents:
c:\Users\OS 10\.vscode\extensions\redhat.java-1.55.0-win32-x64\lombok\lombok-1.18.39-4050.jar path:c:\Users\OS 10\.vscode\extensions\redhat.java-1.55.0-win32-x64\jre\21.0.11-win32-x86_64\bin\instrument.dll, loaded, initialized, instrumentlib options:none

dbghelp: loaded successfully - version: 4.0.5 - missing functions: none
symbol engine: initialized successfully - sym options: 0x614 - pdb path: .;c:\Users\OS 10\.vscode\extensions\redhat.java-1.55.0-win32-x64\jre\21.0.11-win32-x86_64\bin;C:\WINDOWS\SYSTEM32;C:\WINDOWS\WinSxS\amd64_microsoft.windows.common-controls_6595b64144ccf1df_6.0.26100.7309_none_3e05feeae336a044;c:\Users\OS 10\.vscode\extensions\redhat.java-1.55.0-win32-x64\jre\21.0.11-win32-x86_64\bin\server;C:\Users\OS 10\AppData\Roaming\Code\User\globalStorage\redhat.java\1.55.0\config_win\org.eclipse.equinox.launcher\org.eclipse.equinox.launcher.win32.win32.x86_64_1.3.100.v20260613-0559;C:\Users\OS 10\AppData\Local\Temp\jna-75463131;C:\Users\OS 10\.gradle\native\660c5614fbf4a5f2a75b1949f50a0caf5cd603558e7d8a26e50b933a0cfb79d1\windows-amd64

VM Arguments:
jvm_args: --add-modules=ALL-SYSTEM --add-opens=java.base/java.util=ALL-UNNAMED --add-opens=java.base/java.lang=ALL-UNNAMED --add-opens=java.base/sun.nio.fs=ALL-UNNAMED -Declipse.application=org.eclipse.jdt.ls.core.id1 -Dosgi.bundles.defaultStartLevel=4 -Declipse.product=org.eclipse.jdt.ls.core.product -Djava.import.generatesMetadataFilesAtProjectRoot=false -DDetectVMInstallationsJob.disabled=true -Dfile.encoding=utf8 -XX:+UseParallelGC -XX:GCTimeRatio=4 -XX:AdaptiveSizePolicyWeight=90 -Dsun.zip.disableMemoryMapping=true -Xmx2G -Xms100m -Xlog:disable -javaagent:c:\Users\OS 10\.vscode\extensions\redhat.java-1.55.0-win32-x64\lombok\lombok-1.18.39-4050.jar -XX:+HeapDumpOnOutOfMemoryError -XX:HeapDumpPath=c:\Users\OS 10\AppData\Roaming\Code\User\workspaceStorage\e7551ee5038d9c334cca4ff69fa84350\redhat.java -Daether.dependencyCollector.impl=bf 
java_command: c:\Users\OS 10\.vscode\extensions\redhat.java-1.55.0-win32-x64\server\plugins\org.eclipse.equinox.launcher_1.7.200.v20260619-2039.jar -configuration c:\Users\OS 10\AppData\Roaming\Code\User\globalStorage\redhat.java\1.55.0\config_win -data c:\Users\OS 10\AppData\Roaming\Code\User\workspaceStorage\e7551ee5038d9c334cca4ff69fa84350\redhat.java\jdt_ws --pipe=\\.\pipe\lsp-07d68c4582e8ae1eb0c4fb848ea643d7-sock
java_class_path (initial): c:\Users\OS 10\.vscode\extensions\redhat.java-1.55.0-win32-x64\server\plugins\org.eclipse.equinox.launcher_1.7.200.v20260619-2039.jar
Launcher Type: SUN_STANDARD

[Global flags]
    uintx AdaptiveSizePolicyWeight                 = 90                                        {product} {command line}
     intx CICompilerCount                          = 3                                         {product} {ergonomic}
    uintx GCTimeRatio                              = 4                                         {product} {command line}
     bool HeapDumpOnOutOfMemoryError               = true                                   {manageable} {command line}
    ccstr HeapDumpPath                             = c:\Users\OS 10\AppData\Roaming\Code\User\workspaceStorage\e7551ee5038d9c334cca4ff69fa84350\redhat.java         {manageable} {command line}
   size_t InitialHeapSize                          = 104857600                                 {product} {command line}
   size_t MaxHeapSize                              = 2147483648                                {product} {command line}
   size_t MaxNewSize                               = 715653120                                 {product} {ergonomic}
   size_t MinHeapDeltaBytes                        = 524288                                    {product} {ergonomic}
   size_t MinHeapSize                              = 104857600                                 {product} {command line}
   size_t NewSize                                  = 34603008                                  {product} {ergonomic}
    uintx NonNMethodCodeHeapSize                   = 5832780                                {pd product} {ergonomic}
    uintx NonProfiledCodeHeapSize                  = 122912730                              {pd product} {ergonomic}
   size_t OldSize                                  = 70254592                                  {product} {ergonomic}
    uintx ProfiledCodeHeapSize                     = 122912730                              {pd product} {ergonomic}
    uintx ReservedCodeCacheSize                    = 251658240                              {pd product} {ergonomic}
     bool SegmentedCodeCache                       = true                                      {product} {ergonomic}
   size_t SoftMaxHeapSize                          = 2147483648                             {manageable} {ergonomic}
     bool UseCompressedOops                        = true                           {product lp64_product} {ergonomic}
     bool UseLargePagesIndividualAllocation        = false                                  {pd product} {ergonomic}
     bool UseParallelGC                            = true                                      {product} {command line}

Logging:
Log output configuration:
 #0: stdout all=off uptime,level,tags foldmultilines=false
 #1: stderr all=off uptime,level,tags foldmultilines=false

Release file:
JAVA_VERSION="21.0.11" 
MODULES="java.base java.compiler java.datatransfer java.xml java.prefs java.desktop java.instrument java.logging java.management java.security.sasl java.naming java.rmi java.management.rmi java.net.http java.scripting java.security.jgss java.transaction.xa java.sql java.sql.rowset java.xml.crypto java.se java.smartcardio jdk.accessibility jdk.internal.jvmstat jdk.attach jdk.charsets jdk.internal.opt jdk.zipfs jdk.compiler jdk.crypto.ec jdk.crypto.cryptoki jdk.crypto.mscapi jdk.dynalink jdk.internal.ed jdk.editpad jdk.hotspot.agent jdk.httpserver jdk.internal.le jdk.internal.vm.ci jdk.internal.vm.compiler jdk.internal.vm.compiler.management jdk.jartool jdk.javadoc jdk.jcmd jdk.management jdk.management.agent jdk.jconsole jdk.jdeps jdk.jdwp.agent jdk.jdi jdk.jfr jdk.jshell jdk.jsobject jdk.jstatd jdk.localedata jdk.management.jfr jdk.naming.dns jdk.naming.rmi jdk.net jdk.nio.mapmode jdk.random jdk.sctp jdk.security.auth jdk.security.jgss jdk.unsupported jdk.unsupported.desktop jdk.xml.dom" 

Environment Variables:
JAVA_HOME=C:\Program Files\Java\jdk-17
CLASSPATH=%CLASSPATH%;C:\Junit4\JUnit4.12.jar;.; 
PATH=C:\Program Files\Microsoft MPI\Bin\;C:\Program Files\Common Files\Oracle\Java\javapath;C:\WINDOWS\system32;C:\WINDOWS;C:\WINDOWS\System32\Wbem;C:\WINDOWS\System32\WindowsPowerShell\v1.0\;C:\WINDOWS\System32\OpenSSH\;C:\Program Files\Java\jdk-17;C:\Program Files (x86)\Microsoft SQL Server\160\Tools\Binn\;C:\Program Files\Microsoft SQL Server\160\Tools\Binn\;C:\Program Files\Microsoft SQL Server\Client SDK\ODBC\170\Tools\Binn\;C:\Program Files\Microsoft SQL Server\160\DTS\Binn\;C:\Program Files (x86)\Microsoft SQL Server\160\DTS\Binn\;c:\Users\OS 10\AppData\Local\Programs\cursor\resources\app\bin;C:\Program Files\Git\cmd;C:\Users\OS 10\AppData\Roaming\npm;C:\Program Files\nodejs\;C:\Users\OS 10\AppData\Roaming\npm;C:\Program Files\dotnet\;C:\Program Files\Docker\Docker\resources\bin;C:\Users\OS 10\.local\bin;C:\Program Files\nodejs\;C:\Users\OS 10\AppData\Local\Microsoft\WindowsApps;C:\Users\OS 10\AppData\Local\Programs\Microsoft VS Code\bin;C:\Users\OS 10\AppData\Roaming\npm;C:\Users\OS 10\AppData\Local\Python\bin
USERNAME=OS 10
OS=Windows_NT
PROCESSOR_IDENTIFIER=Intel64 Family 6 Model 142 Stepping 12, GenuineIntel
TMP=C:\Users\OS10~1\AppData\Local\Temp
TEMP=C:\Users\OS10~1\AppData\Local\Temp




Periodic native trim disabled

---------------  S Y S T E M  ---------------

OS:
 Windows 11 , 64 bit Build 26100 (10.0.26100.7309)
OS uptime: 2 days 20:01 hours
Hyper-V role detected

CPU: total 4 (initial active 4) (2 cores per cpu, 2 threads per core) family 6 model 142 stepping 12 microcode 0xde, cx8, cmov, fxsr, ht, mmx, 3dnowpref, sse, sse2, sse3, ssse3, sse4.1, sse4.2, popcnt, lzcnt, tsc, tscinvbit, avx, avx2, aes, erms, clmul, bmi1, bmi2, adx, fma, vzeroupper, clflush, clflushopt, hv, rdtscp, f16c
Processor Information for the first 4 processors :
  Max Mhz: 2304, Current Mhz: 2103, Mhz Limit: 2096

Memory: 4k page, system-wide physical 8044M (468M free)
TotalPageFile size 18691M (AvailPageFile size 10M)
current process WorkingSet (physical memory assigned to process): 160M, peak: 455M
current process commit charge ("private bytes"): 1613M, peak: 1614M

vm_info: OpenJDK 64-Bit Server VM (21.0.11+10-LTS) for windows-amd64 JRE (21.0.11+10-LTS), built on 2026-04-21T00:00:00Z by "admin" with MS VC++ 17.12 (VS2022)

END.
